create w0 ware
ware w0 15 43
create f0 field
create l0 lab
lab l0 forget
create f1 field
create f2 field
create f3 field
create f4 field
create l1 lab
lab l1 paralyze
create lb0 bear
create f5 field
create w1 ware
ware w1 20 38
create f6 field
create f7 field
create lb1 bear
create f8 field
create b0 bunker
bunker b0 coat
create f9 field
create f10 field
create f11 field
create b1 bunker
bunker b1 gloves
create l2 lab
lab l2 paralyze
create l3 lab
lab l3 protect

neighbour w0 lb0
neighbour f0 l0
neighbour f0 f4
neighbour f0 f7
neighbour l0 f1
neighbour f1 f2
neighbour f1 f3
neighbour f1 f5
neighbour f2 f3
neighbour f2 f8
neighbour f2 l3
neighbour f3 f4
neighbour f3 b0
neighbour f4 l1
neighbour f4 b1
neighbour l1 lb0
neighbour l1 lb1
neighbour l1 f10
neighbour lb0 f5
neighbour lb0 f9
neighbour f5 w1
neighbour f5 l2
neighbour w1 f6
neighbour w1 f7
neighbour f6 f7
neighbour f6 lb1
neighbour f7 lb1
neighbour lb1 f8
neighbour f8 b0
neighbour f8 f11
neighbour b0 f9
neighbour f9 f10
neighbour f10 f11
neighbour f11 b1
neighbour f11 l2
neighbour b1 l2
neighbour b1 l3
neighbour l2 l3
