create l0 lab
lab l0 paralyze
create f0 field
create w0 ware
ware w0 43 34
create f1 field
create l1 lab
lab l1 paralyze
create f2 field
create f3 field
create f4 field
create w1 ware
ware w1 20 38
create f5 field
create b0 bunker
bunker b0 coat
create f6 field
create w2 ware
ware w2 36 24
create w3 ware
ware w3 29 32
create f7 field
create f8 field
create l2 lab
lab l2 dance
create l3 lab
lab l3 dance
create f9 field
create b1 bunker
bunker b1 coat
create b2 bunker
bunker b2 axe
create f10 field
create f11 field
create b3 bunker
bunker b3 axe
create l4 lab
lab l4 protect
create f12 field
create w4 ware
ware w4 30 26
create f13 field
create f14 field
create f15 field
create b4 bunker
bunker b4 gloves
create l5 lab
lab l5 dance
create f16 field
create f17 field
create f18 field
create w5 ware
ware w5 33 29
create f19 field
create f20 field
create f21 field
create f22 field
create b5 bunker
bunker b5 sack
create f23 field
create f24 field
create l6 lab
lab l6 forget
create l7 lab
lab l7 paralyze
create b6 bunker
bunker b6 gloves
create f25 field
create f26 field
create f27 field
create b7 bunker
bunker b7 gloves
create f28 field
create f29 field
create l8 lab
lab l8 paralyze
create b8 bunker
bunker b8 gloves
create f30 field
create f31 field
create f32 field
create l9 lab
lab l9 protect
create f33 field
create f34 field
create f35 field
create w6 ware
ware w6 20 32
create b9 bunker
bunker b9 sack
create f36 field
create w7 ware
ware w7 17 17
create f37 field
create f38 field
create f39 field

neighbour b4 l0
neighbour f0 l0
neighbour w3 f0
neighbour f28 w0
neighbour w6 f1
neighbour f36 f1
neighbour l1 f1
neighbour f2 f1
neighbour f2 l1
neighbour f9 f2
neighbour f5 f3
neighbour f15 f3
neighbour f22 f4
neighbour w1 f4
neighbour f5 f4
neighbour l5 w1
neighbour f5 w1
neighbour f15 f5
neighbour b8 w2
neighbour w3 w2
neighbour l9 f7
neighbour f8 f7
neighbour b2 f8
neighbour f9 l3
neighbour f32 b1
neighbour b2 b1
neighbour f18 l4
neighbour w7 f13
neighbour l5 b4
neighbour f16 b4
neighbour f16 l5
neighbour f25 f16
neighbour f18 f17
neighbour f19 w5
neighbour f34 f19
neighbour b5 f22
neighbour f24 f23
neighbour f37 l6
neighbour b6 l7
neighbour f25 l7
neighbour f33 b6
neighbour f38 b6
neighbour f25 b6
neighbour f30 f26
neighbour f29 f28
neighbour f31 f30
neighbour l9 f32
neighbour f33 f32
neighbour f34 f32
neighbour f33 l9
neighbour f34 l9
neighbour f38 f33
neighbour f34 f33
neighbour f36 w6
neighbour f36 b9
neighbour f39 f38
