create f0 field
create b0 bunker
bunker b0 coat
create f1 field
create f2 field
create l0 lab
lab l0 protect
create l1 lab
lab l1 forget
create l2 lab
lab l2 paralyze
create f3 field
create w0 ware
ware w0 20 38
create f4 field
create f5 field
create f6 field
create b1 bunker
bunker b1 coat
create l3 lab
lab l3 forget
create f7 field
create f8 field
create f9 field
create f10 field
create f11 field
create f12 field
create w1 ware
ware w1 24 29
create l4 lab
lab l4 dance
create w2 ware
ware w2 32 38
create f13 field
create f14 field
create f15 field
create f16 field
create f17 field
create f18 field
create f19 field
create f20 field
create f21 field
create f22 field
create f23 field
create f24 field
create f25 field
create b2 bunker
bunker b2 coat
create l5 lab
lab l5 protect
create f26 field
create f27 field
create w3 ware
ware w3 29 19
create f28 field
create f29 field
create f30 field
create l6 lab
lab l6 forget
create f31 field
create f32 field
create f33 field
create b3 bunker
bunker b3 axe
create l7 lab
lab l7 forget
create f34 field
create l8 lab
lab l8 dance
create f35 field
create f36 field
create f37 field
create l9 lab
lab l9 dance
create f38 field
create w4 ware
ware w4 29 32
create l10 lab
lab l10 forget
create w5 ware
ware w5 25 18
create f39 field
create l11 lab
lab l11 forget
create l12 lab
lab l12 paralyze
create l13 lab
lab l13 forget
create w6 ware
ware w6 20 20
create f40 field
create f41 field
create f42 field
create b4 bunker
bunker b4 gloves
create f43 field
create w7 ware
ware w7 32 17
create b5 bunker
bunker b5 sack
create f44 field
create b6 bunker
bunker b6 sack
create f45 field
create f46 field
create f47 field
create b7 bunker
bunker b7 gloves
create f48 field
create f49 field
create w8 ware
ware w8 43 30
create l14 lab
lab l14 protect
create f50 field
create b8 bunker
bunker b8 coat
create w9 ware
ware w9 20 35
create f51 field
create f52 field
create f53 field
create b9 bunker
bunker b9 coat
create l15 lab
lab l15 protect
create f54 field
create f55 field
create w10 ware
ware w10 19 31
create f56 field
create f57 field
create l16 lab
lab l16 protect
create f58 field
create f59 field
create l17 lab
lab l17 forget
create w11 ware
ware w11 34 42
create f60 field
create f61 field
create f62 field
create f63 field
create f64 field
create b10 bunker
bunker b10 coat
create f65 field
create w12 ware
ware w12 21 42
create f66 field
create f67 field
create f68 field
create b11 bunker
bunker b11 axe
create l18 lab
lab l18 forget
create f69 field
create l19 lab
lab l19 paralyze
create f70 field
create f71 field
create f72 field
create f73 field
create w13 ware
ware w13 18 22
create f74 field
create b12 bunker
bunker b12 axe
create b13 bunker
bunker b13 sack
create f75 field
create w14 ware
ware w14 40 33
create f76 field
create f77 field
create w15 ware
ware w15 33 42
create b14 bunker
bunker b14 gloves
create l20 lab
lab l20 dance
create f78 field
create f79 field
create f80 field
create w16 ware
ware w16 43 33
create f81 field
create f82 field
create f83 field
create w17 ware
ware w17 23 37
create w18 ware
ware w18 32 26
create f84 field
create b15 bunker
bunker b15 sack
create f85 field
create f86 field
create f87 field
create f88 field
create w19 ware
ware w19 15 32
create w20 ware
ware w20 27 40
create f89 field
create f90 field
create f91 field
create f92 field
create l21 lab
lab l21 protect
create f93 field
create l22 lab
lab l22 protect
create b16 bunker
bunker b16 coat
create f94 field
create f95 field
create b17 bunker
bunker b17 axe
create w21 ware
ware w21 34 30
create w22 ware
ware w22 27 34
create b18 bunker
bunker b18 sack
create f96 field
create b19 bunker
bunker b19 gloves
create f97 field
create f98 field
create f99 field
create f100 field
create l23 lab
lab l23 forget
create f101 field
create f102 field
create f103 field
create b20 bunker
bunker b20 axe
create f104 field
create l24 lab
lab l24 forget
create f105 field
create f106 field
create f107 field
create f108 field
create f109 field
create f110 field
create f111 field
create b21 bunker
bunker b21 gloves
create f112 field
create f113 field
create l25 lab
lab l25 dance
create w23 ware
ware w23 41 28
create f114 field
create b22 bunker
bunker b22 axe
create b23 bunker
bunker b23 axe
create f115 field
create f116 field
create w24 ware
ware w24 30 36
create f117 field
create l26 lab
lab l26 forget
create l27 lab
lab l27 forget
create w25 ware
ware w25 44 38
create b24 bunker
bunker b24 axe
create f118 field
create b25 bunker
bunker b25 axe
create b26 bunker
bunker b26 gloves
create l28 lab
lab l28 paralyze
create f119 field
create l29 lab
lab l29 dance
create l30 lab
lab l30 paralyze
create f120 field
create l31 lab
lab l31 protect
create f121 field
create f122 field
create f123 field
create w26 ware
ware w26 20 43
create f124 field
create f125 field
create b27 bunker
bunker b27 axe
create w27 ware
ware w27 22 22
create l32 lab
lab l32 protect
create b28 bunker
bunker b28 sack
create f126 field
create f127 field
create f128 field
create b29 bunker
bunker b29 gloves
create f129 field
create l33 lab
lab l33 forget
create l34 lab
lab l34 protect
create b30 bunker
bunker b30 gloves
create f130 field
create f131 field
create b31 bunker
bunker b31 coat
create f132 field
create f133 field
create f134 field
create f135 field
create f136 field
create f137 field
create f138 field
create w28 ware
ware w28 40 31
create f139 field
create f140 field
create b32 bunker
bunker b32 sack
create b33 bunker
bunker b33 axe
create l35 lab
lab l35 paralyze
create l36 lab
lab l36 dance
create f141 field
create f142 field
create f143 field
create f144 field
create b34 bunker
bunker b34 sack
create b35 bunker
bunker b35 sack
create f145 field
create w29 ware
ware w29 38 24
create b36 bunker
bunker b36 sack
create f146 field
create w30 ware
ware w30 16 25
create f147 field
create f148 field
create b37 bunker
bunker b37 axe
create f149 field
create b38 bunker
bunker b38 coat
create f150 field
create f151 field
create f152 field
create f153 field
create l37 lab
lab l37 protect
create b39 bunker
bunker b39 coat
create f154 field
create w31 ware
ware w31 22 26
create f155 field
create f156 field
create f157 field
create f158 field
create f159 field
create l38 lab
lab l38 forget
create l39 lab
lab l39 protect

neighbour b0 f0
neighbour f1 f0
neighbour w22 b0
neighbour f1 b0
neighbour f41 f2
neighbour l0 f2
neighbour f46 l0
neighbour f81 l2
neighbour b21 l2
neighbour f147 l2
neighbour f34 f3
neighbour f47 f3
neighbour f61 f3
neighbour f37 w0
neighbour b34 w0
neighbour l6 f4
neighbour f126 f4
neighbour f24 f5
neighbour f6 f5
neighbour b32 b1
neighbour f96 l3
neighbour w1 f7
neighbour f144 f7
neighbour f9 f8
neighbour f10 f8
neighbour f11 f8
neighbour w19 f9
neighbour f10 f9
neighbour f11 f9
neighbour f58 f10
neighbour b30 f10
neighbour f11 f10
neighbour f151 f11
neighbour f144 w1
neighbour l28 l4
neighbour w2 l4
neighbour b29 w2
neighbour f101 f16
neighbour f44 f17
neighbour f43 f18
neighbour w3 f20
neighbour f108 f20
neighbour f152 f20
neighbour f21 f20
neighbour f141 f23
neighbour f25 f24
neighbour f114 f25
neighbour b3 b2
neighbour w20 b2
neighbour l5 b2
neighbour f69 l5
neighbour f108 w3
neighbour f152 w3
neighbour f103 f28
neighbour b27 f28
neighbour l8 f29
neighbour b23 f29
neighbour l32 f29
neighbour l6 f30
neighbour f126 l6
neighbour f33 f32
neighbour w20 b3
neighbour l7 b3
neighbour f47 f34
neighbour f61 f34
neighbour l8 f34
neighbour b23 l8
neighbour l32 l8
neighbour l37 f35
neighbour f36 f35
neighbour f116 f36
neighbour b34 f37
neighbour l9 f37
neighbour l35 f38
neighbour l10 w4
neighbour l20 w5
neighbour f39 w5
neighbour l12 l11
neighbour f45 l12
neighbour w23 l13
neighbour w6 l13
neighbour f42 f41
neighbour f52 b4
neighbour b14 b4
neighbour b19 b4
neighbour w7 f43
neighbour b5 f43
neighbour b5 w7
neighbour f117 b6
neighbour f45 b6
neighbour f46 b6
neighbour f46 f45
neighbour f61 f47
neighbour f82 b7
neighbour f83 b7
neighbour w8 f49
neighbour l26 w8
neighbour b35 w8
neighbour f50 l14
neighbour b8 l14
neighbour f136 f50
neighbour b8 f50
neighbour f52 f51
neighbour f53 f51
neighbour b9 f51
neighbour b14 f52
neighbour b19 f52
neighbour f53 f52
neighbour b9 f52
neighbour l19 f53
neighbour b9 f53
neighbour f54 l15
neighbour f55 l15
neighbour w10 l15
neighbour f56 l15
neighbour f55 f54
neighbour w10 f54
neighbour f56 f54
neighbour w10 f55
neighbour f56 f55
neighbour l17 w10
neighbour f56 w10
neighbour f84 f56
neighbour w13 f57
neighbour l30 f57
neighbour w26 f57
neighbour l16 f57
neighbour f119 l16
neighbour b30 f58
neighbour f59 f58
neighbour b22 f59
neighbour f146 f59
neighbour w11 l17
neighbour f86 f60
neighbour f63 f62
neighbour l31 b10
neighbour f65 b10
neighbour f73 f65
neighbour f104 f65
neighbour f143 f65
neighbour f88 w12
neighbour b17 f66
neighbour b38 f67
neighbour f68 f67
neighbour b11 f67
neighbour b11 f68
neighbour f69 l18
neighbour l19 l18
neighbour l19 f69
neighbour f71 f70
neighbour f91 f71
neighbour l38 f71
neighbour f73 f72
neighbour f104 f73
neighbour f143 f73
neighbour l30 w13
neighbour w26 w13
neighbour b13 b12
neighbour f75 b12
neighbour f75 b13
neighbour b26 f75
neighbour f76 w14
neighbour f107 f77
neighbour w15 f77
neighbour b19 b14
neighbour f78 l20
neighbour f159 f79
neighbour w16 f80
neighbour f81 f80
neighbour f142 w16
neighbour f81 w16
neighbour b21 f81
neighbour f147 f81
neighbour f83 f82
neighbour w17 f83
neighbour f84 w18
neighbour l34 f85
neighbour f87 f86
neighbour w20 w19
neighbour f112 f89
neighbour f129 f89
neighbour l38 f91
neighbour f157 f92
neighbour l21 f92
neighbour l22 f93
neighbour f95 f94
neighbour w21 b17
neighbour f121 w21
neighbour b31 w21
neighbour f139 b18
neighbour f96 b18
neighbour b19 b18
neighbour b19 f96
neighbour f101 l23
neighbour f103 f102
neighbour b27 f103
neighbour w25 b20
neighbour f149 b20
neighbour f143 f104
neighbour l24 f104
neighbour l27 l24
neighbour f106 f105
neighbour f156 f106
neighbour f108 f107
neighbour f152 f108
neighbour f134 f109
neighbour f137 f110
neighbour b33 f110
neighbour f111 f110
neighbour f147 b21
neighbour f112 b21
neighbour f113 b21
neighbour f129 f112
neighbour f113 f112
neighbour b22 f114
neighbour f146 b22
neighbour l32 b23
neighbour f116 f115
neighbour l26 f117
neighbour b35 l26
neighbour f149 w25
neighbour b24 w25
neighbour b25 f118
neighbour l30 l29
neighbour f120 l29
neighbour w26 l30
neighbour f120 l30
neighbour f121 l31
neighbour b31 f121
neighbour f124 w26
neighbour f126 b28
neighbour b29 f128
neighbour b31 f131
neighbour f136 f135
neighbour b33 f137
neighbour w28 f138
neighbour f140 f139
neighbour f141 l36
neighbour f142 l36
neighbour f143 l36
neighbour f142 f141
neighbour f143 f141
neighbour f143 f142
neighbour b34 f144
neighbour f145 b35
neighbour w29 b35
neighbour b36 b35
neighbour w29 f145
neighbour b36 f145
neighbour b36 w29
neighbour f147 w30
neighbour b38 f149
neighbour f151 f150
neighbour b39 l37
neighbour f155 w31
neighbour f156 w31
neighbour f156 f155
